python.exe : 2026-09-11 20:50:42,476 INFO === Building dataset for horizon=24h ===
At line:2 char:1
+ & ".venv\Scripts\python.exe" scripts\prepare_training_dataset.py 2>&1 ...
+ ~~~~~~~~~~~~~~~~~~~~~~~~~~~~~~~~~~~~~~~~~~~~~~~~~~~~~~~~~~~~~~~~~~~~~
    + CategoryInfo          : NotSpecified: (2026-09-11 20:5...horizon=24h ===:String) [], RemoteException
    + FullyQualifiedErrorId : NativeCommandError
 
2026-09-11 20:50:42,962 INFO Building 24h dataset: 5783 events across 508 geocoded districts
2026-09-11 20:51:08,361 INFO district data fetched: 50/508
2026-09-11 20:51:22,637 INFO district data fetched: 100/508
2026-09-11 20:51:53,248 INFO district data fetched: 150/508
2026-09-11 20:52:36,493 INFO district data fetched: 200/508
2026-09-11 20:53:07,971 INFO district data fetched: 250/508
2026-09-11 20:53:34,067 INFO district data fetched: 300/508
2026-09-11 20:53:59,383 INFO district data fetched: 350/508
2026-09-11 20:54:22,189 INFO district data fetched: 400/508
2026-09-11 20:54:48,485 INFO district data fetched: 450/508
2026-09-11 20:55:23,155 INFO district data fetched: 500/508
2026-09-11 20:55:29,554 INFO district data fetched: 508/508
2026-09-11 20:56:08,343 INFO Saved 23132 rows to C:\flood 
model\services\flood-forecast-engine\data\processed\training_dataset_24h.csv
2026-09-11 20:56:08,344 INFO horizon=24h: 23132 rows (5783 positive, 17349 negative), 508 districts
2026-09-11 20:56:08,344 INFO === Building dataset for horizon=48h ===
2026-09-11 20:56:08,838 INFO Building 48h dataset: 5783 events across 508 geocoded districts
2026-09-11 20:56:10,890 INFO district data fetched: 50/508
2026-09-11 20:56:17,381 INFO district data fetched: 100/508
2026-09-11 20:56:34,382 INFO district data fetched: 150/508
2026-09-11 20:56:49,871 INFO district data fetched: 200/508
2026-09-11 20:57:05,091 INFO district data fetched: 250/508
2026-09-11 20:57:18,201 INFO district data fetched: 300/508
2026-09-11 20:57:39,256 INFO district data fetched: 350/508
2026-09-11 20:57:57,216 INFO district data fetched: 400/508
2026-09-11 20:58:18,525 INFO district data fetched: 450/508
2026-09-11 20:58:38,691 INFO district data fetched: 500/508
2026-09-11 20:58:43,238 INFO district data fetched: 508/508
2026-09-11 20:59:22,138 INFO Saved 23132 rows to C:\flood 
model\services\flood-forecast-engine\data\processed\training_dataset_48h.csv
2026-09-11 20:59:22,139 INFO horizon=48h: 23132 rows (5783 positive, 17349 negative), 508 districts
