python.exe : 2026-09-12 01:36:32,311 INFO === Building dataset for horizon=24h ===
At line:2 char:1
+ & ".venv\Scripts\python.exe" scripts\prepare_training_dataset.py 2>&1 ...
+ ~~~~~~~~~~~~~~~~~~~~~~~~~~~~~~~~~~~~~~~~~~~~~~~~~~~~~~~~~~~~~~~~~~~~~
    + CategoryInfo          : NotSpecified: (2026-09-12 01:3...horizon=24h ===:String) [], RemoteException
    + FullyQualifiedErrorId : NativeCommandError
 
2026-09-12 01:36:32,779 INFO Building 24h dataset: 5783 events across 508 geocoded districts
2026-09-12 01:36:40,423 INFO district data fetched: 50/508 (empty weather: 0)
2026-09-12 01:36:54,912 WARNING archive: minutely rate limit hit, waiting 65s before retry (attempt 1/4)
2026-09-12 01:36:55,783 WARNING archive: minutely rate limit hit, waiting 65s before retry (attempt 1/4)
2026-09-12 01:36:56,352 WARNING archive: minutely rate limit hit, waiting 65s before retry (attempt 1/4)
2026-09-12 01:38:02,781 INFO district data fetched: 100/508 (empty weather: 0)
2026-09-12 01:38:08,496 WARNING archive: minutely rate limit hit, waiting 65s before retry (attempt 1/4)
2026-09-12 01:38:09,204 WARNING archive: minutely rate limit hit, waiting 65s before retry (attempt 1/4)
2026-09-12 01:38:10,432 WARNING archive: minutely rate limit hit, waiting 65s before retry (attempt 1/4)
2026-09-12 01:39:22,945 WARNING archive: minutely rate limit hit, waiting 65s before retry (attempt 1/4)
2026-09-12 01:39:23,427 WARNING archive: minutely rate limit hit, waiting 65s before retry (attempt 1/4)
2026-09-12 01:39:24,611 WARNING archive: minutely rate limit hit, waiting 65s before retry (attempt 1/4)
2026-09-12 01:40:42,131 WARNING archive: minutely rate limit hit, waiting 65s before retry (attempt 1/4)
2026-09-12 01:40:42,832 WARNING archive: minutely rate limit hit, waiting 65s before retry (attempt 1/4)
2026-09-12 01:40:48,003 WARNING archive: minutely rate limit hit, waiting 65s before retry (attempt 1/4)
Traceback (most recent call last):
  File "C:\flood model\services\flood-forecast-engine\src\raksha_flood\training\dataset.py", line 108, in 
build_labeled_dataset
    d, w, disc, terr = future.result()
                       ^^^^^^^^^^^^^^^
  File "C:\Program Files\WindowsApps\PythonSoftwareFoundation.Python.3.11_3.11.2544.0_x64__qbz5n2kfra8p0\Lib\concurrent
\futures\_base.py", line 449, in result
    return self.__get_result()
           ^^^^^^^^^^^^^^^^^^^
  File "C:\Program Files\WindowsApps\PythonSoftwareFoundation.Python.3.11_3.11.2544.0_x64__qbz5n2kfra8p0\Lib\concurrent
\futures\_base.py", line 401, in __get_result
    raise self._exception
  File "C:\Program Files\WindowsApps\PythonSoftwareFoundation.Python.3.11_3.11.2544.0_x64__qbz5n2kfra8p0\Lib\concurrent
\futures\thread.py", line 58, in run
    result = self.fn(*self.args, **self.kwargs)
             ^^^^^^^^^^^^^^^^^^^^^^^^^^^^^^^^^^
  File "C:\flood model\services\flood-forecast-engine\src\raksha_flood\training\dataset.py", line 96, in _fetch_one
    w = weather_feats.fetch_district_daily_series(lat, lon, fetch_start, fetch_end)
        ^^^^^^^^^^^^^^^^^^^^^^^^^^^^^^^^^^^^^^^^^^^^^^^^^^^^^^^^^^^^^^^^^^^^^^^^^^^
  File "C:\flood model\services\flood-forecast-engine\src\raksha_flood\features\weather.py", line 341, in 
fetch_district_daily_series
    data = om.get_archive_daily(
           ^^^^^^^^^^^^^^^^^^^^^
  File "C:\flood model\services\flood-forecast-engine\src\raksha_flood\data\open_meteo_client.py", line 179, in 
get_archive_daily
    return _get_json(settings.open_meteo_archive_url, params, namespace="archive", static=True)
           ^^^^^^^^^^^^^^^^^^^^^^^^^^^^^^^^^^^^^^^^^^^^^^^^^^^^^^^^^^^^^^^^^^^^^^^^^^^^^^^^^^^^
  File "C:\flood model\services\flood-forecast-engine\src\raksha_flood\data\open_meteo_client.py", line 102, in 
_get_json
    raise RateLimitedError(namespace, f"HTTP 429: {body}")
raksha_flood.data.open_meteo_client.RateLimitedError: archive unavailable: HTTP 429: {"reason":"Daily API request 
limit exceeded. Please try again tomorrow.","error":true}

The above exception was the direct cause of the following exception:

Traceback (most recent call last):
  File "C:\flood model\services\flood-forecast-engine\scripts\prepare_training_dataset.py", line 37, in <module>
    main()
  File "C:\flood model\services\flood-forecast-engine\scripts\prepare_training_dataset.py", line 27, in main
    df = build_labeled_dataset(horizon)
         ^^^^^^^^^^^^^^^^^^^^^^^^^^^^^^
  File "C:\flood model\services\flood-forecast-engine\src\raksha_flood\training\dataset.py", line 120, in 
build_labeled_dataset
    raise RuntimeError(
RuntimeError: Open-Meteo returned HTTP 429 (hourly request quota exhausted) while building the training dataset. 
Already-fetched responses are cached on disk, so re-running this script after the quota resets (top of the next hour) 
will resume from where it stopped. Districts completed before the limit: 131/508. Aborting rather than saving a 
dataset with silently-missing rainfall features.
